// Jest Snapshot v1, https://goo.gl/fbAQLP

exports[`constructing 1`] = `
"something didn't work

Original: Error: this will be wrapped
    at Object.<anonymous> (C:\\\\Users\\\\Jui\\\\Documents\\\\GitHub\\\\dev-react\\\\lib\\\\error.test.js:6:17)
    at Object.asyncJestTest (C:\\\\Users\\\\Jui\\\\Documents\\\\GitHub\\\\dev-react\\\\node_modules\\\\jest-jasmine2\\\\build\\\\jasmineAsyncInstall.js:106:37)
    at C:\\\\Users\\\\Jui\\\\Documents\\\\GitHub\\\\dev-react\\\\node_modules\\\\jest-jasmine2\\\\build\\\\queueRunner.js:45:12
    at new Promise (<anonymous>)
    at mapper (C:\\\\Users\\\\Jui\\\\Documents\\\\GitHub\\\\dev-react\\\\node_modules\\\\jest-jasmine2\\\\build\\\\queueRunner.js:28:19)
    at C:\\\\Users\\\\Jui\\\\Documents\\\\GitHub\\\\dev-react\\\\node_modules\\\\jest-jasmine2\\\\build\\\\queueRunner.js:75:41
    at processTicksAndRejections (internal/process/task_queues.js:93:5)"
`;
