// Jest Snapshot v1, https://goo.gl/fbAQLP

exports[`errors destroy 1`] = `[Error: Error unlinking file: Error: Error unlinking file.]`;

exports[`errors read from build promise no overwrite 1`] = `[Error: Error with buildPromise: Error: A build error.]`;

exports[`errors read from build promise overwrite 1`] = `[Error: Error with buildPromise: Error: A build error.]`;

exports[`errors read from read stream no overwrite 1`] = `[Error: Error with read stream: Error: Error creating a read stream.]`;

exports[`errors read from read stream overwrite 1`] = `[Error: Error with buildPromise: Error: A build error.]`;

exports[`errors update builder 1`] = `[Error: Builder error: Error: A build error.]`;

exports[`errors update write 1`] = `[Error: Error writing file: Error: Error writing file.]`;

exports[`static DestroyedError 1`] = `[Error: The FileOutput was destroyed.]`;

exports[`static OutdatedError 1`] = `[Error: A new update was created while you started streaming the file. Try again to stream the latest file.]`;
