// Jest Snapshot v1, https://goo.gl/fbAQLP

exports[`errors no new 1`] = `"Class constructor DevReact cannot be invoked without 'new'"`;

exports[`errors start Access 1`] = `[Error: Cannot access this.inputDir: Error: Cannot access file.]`;

exports[`errors start Not found 1`] = `[Error: this.inputDir does not exist.]`;
