// Jest Snapshot v1, https://goo.gl/fbAQLP

exports[`_errorFiles unlink 1`] = `[Error: Error unlinking file.]`;

exports[`_errorFiles writeFile 1`] = `[Error: Error writing file.]`;

exports[`ENOENT 1`] = `[Error: File: file does not exist]`;

exports[`access ENOENT 1`] = `[Error: File: file does not exist]`;

exports[`access Read and Write 1`] = `[TypeError: path.split is not a function]`;
